Copyright 1986-2022 Xilinx, Inc. All Rights Reserved. Copyright 2022-2023 Advanced Micro Devices, Inc. All Rights Reserved.
-------------------------------------------------------------------------------------------------------------------------------------------------------------------------------------
| Tool Version : Vivado v.2023.2 (lin64) Build 4029153 Fri Oct 13 20:13:54 MDT 2023
| Date         : Thu Oct  1 11:47:06 2026
| Host         : frankhasrisen running 64-bit Ubuntu 22.04.5 LTS
| Command      : report_methodology -file /home/frankhasrisen/fpga-rtl-portfolio/projects/zcu104/06-streaming-dsp-accelerator-soc/reports/full_accelerator_synthesis_methodology.rpt
| Design       : dsp_accelerator_full
| Device       : xczu7ev-ffvc1156-2-e
| Speed File   : -2
| Design State : Synthesized
-------------------------------------------------------------------------------------------------------------------------------------------------------------------------------------

Report Methodology

Table of Contents
-----------------
1. REPORT SUMMARY
2. REPORT DETAILS

1. REPORT SUMMARY
-----------------
            Netlist: dsp_accelerator_full
          Floorplan: design_1
      Design limits: <entire design considered>
             Max violations: <unlimited>
             Violations found: 87
+-----------+----------+-------------------------------+------------+
| Rule      | Severity | Description                   | Violations |
+-----------+----------+-------------------------------+------------+
| TIMING-18 | Warning  | Missing input or output delay | 87         |
+-----------+----------+-------------------------------+------------+

2. REPORT DETAILS
-----------------
TIMING-18#1 Warning
Missing input or output delay  
An input delay is missing on aresetn relative to the rising and/or falling clock edge(s) of accelerator_clk.
Related violations: <none>

TIMING-18#2 Warning
Missing input or output delay  
An input delay is missing on m_axis_tready relative to the rising and/or falling clock edge(s) of accelerator_clk.
Related violations: <none>

TIMING-18#3 Warning
Missing input or output delay  
An input delay is missing on s_axis_tdata[0] relative to the rising and/or falling clock edge(s) of accelerator_clk.
Related violations: <none>

TIMING-18#4 Warning
Missing input or output delay  
An input delay is missing on s_axis_tdata[10] relative to the rising and/or falling clock edge(s) of accelerator_clk.
Related violations: <none>

TIMING-18#5 Warning
Missing input or output delay  
An input delay is missing on s_axis_tdata[11] relative to the rising and/or falling clock edge(s) of accelerator_clk.
Related violations: <none>

TIMING-18#6 Warning
Missing input or output delay  
An input delay is missing on s_axis_tdata[12] relative to the rising and/or falling clock edge(s) of accelerator_clk.
Related violations: <none>

TIMING-18#7 Warning
Missing input or output delay  
An input delay is missing on s_axis_tdata[13] relative to the rising and/or falling clock edge(s) of accelerator_clk.
Related violations: <none>

TIMING-18#8 Warning
Missing input or output delay  
An input delay is missing on s_axis_tdata[14] relative to the rising and/or falling clock edge(s) of accelerator_clk.
Related violations: <none>

TIMING-18#9 Warning
Missing input or output delay  
An input delay is missing on s_axis_tdata[15] relative to the rising and/or falling clock edge(s) of accelerator_clk.
Related violations: <none>

TIMING-18#10 Warning
Missing input or output delay  
An input delay is missing on s_axis_tdata[1] relative to the rising and/or falling clock edge(s) of accelerator_clk.
Related violations: <none>

TIMING-18#11 Warning
Missing input or output delay  
An input delay is missing on s_axis_tdata[2] relative to the rising and/or falling clock edge(s) of accelerator_clk.
Related violations: <none>

TIMING-18#12 Warning
Missing input or output delay  
An input delay is missing on s_axis_tdata[3] relative to the rising and/or falling clock edge(s) of accelerator_clk.
Related violations: <none>

TIMING-18#13 Warning
Missing input or output delay  
An input delay is missing on s_axis_tdata[4] relative to the rising and/or falling clock edge(s) of accelerator_clk.
Related violations: <none>

TIMING-18#14 Warning
Missing input or output delay  
An input delay is missing on s_axis_tdata[5] relative to the rising and/or falling clock edge(s) of accelerator_clk.
Related violations: <none>

TIMING-18#15 Warning
Missing input or output delay  
An input delay is missing on s_axis_tdata[6] relative to the rising and/or falling clock edge(s) of accelerator_clk.
Related violations: <none>

TIMING-18#16 Warning
Missing input or output delay  
An input delay is missing on s_axis_tdata[7] relative to the rising and/or falling clock edge(s) of accelerator_clk.
Related violations: <none>

TIMING-18#17 Warning
Missing input or output delay  
An input delay is missing on s_axis_tdata[8] relative to the rising and/or falling clock edge(s) of accelerator_clk.
Related violations: <none>

TIMING-18#18 Warning
Missing input or output delay  
An input delay is missing on s_axis_tdata[9] relative to the rising and/or falling clock edge(s) of accelerator_clk.
Related violations: <none>

TIMING-18#19 Warning
Missing input or output delay  
An input delay is missing on s_axis_tlast relative to the rising and/or falling clock edge(s) of accelerator_clk.
Related violations: <none>

TIMING-18#20 Warning
Missing input or output delay  
An input delay is missing on s_axis_tvalid relative to the rising and/or falling clock edge(s) of accelerator_clk.
Related violations: <none>

TIMING-18#21 Warning
Missing input or output delay  
An output delay is missing on m_axis_tdata[0] relative to the rising and/or falling clock edge(s) of accelerator_clk.
Related violations: <none>

TIMING-18#22 Warning
Missing input or output delay  
An output delay is missing on m_axis_tdata[10] relative to the rising and/or falling clock edge(s) of accelerator_clk.
Related violations: <none>

TIMING-18#23 Warning
Missing input or output delay  
An output delay is missing on m_axis_tdata[11] relative to the rising and/or falling clock edge(s) of accelerator_clk.
Related violations: <none>

TIMING-18#24 Warning
Missing input or output delay  
An output delay is missing on m_axis_tdata[12] relative to the rising and/or falling clock edge(s) of accelerator_clk.
Related violations: <none>

TIMING-18#25 Warning
Missing input or output delay  
An output delay is missing on m_axis_tdata[13] relative to the rising and/or falling clock edge(s) of accelerator_clk.
Related violations: <none>

TIMING-18#26 Warning
Missing input or output delay  
An output delay is missing on m_axis_tdata[14] relative to the rising and/or falling clock edge(s) of accelerator_clk.
Related violations: <none>

TIMING-18#27 Warning
Missing input or output delay  
An output delay is missing on m_axis_tdata[15] relative to the rising and/or falling clock edge(s) of accelerator_clk.
Related violations: <none>

TIMING-18#28 Warning
Missing input or output delay  
An output delay is missing on m_axis_tdata[16] relative to the rising and/or falling clock edge(s) of accelerator_clk.
Related violations: <none>

TIMING-18#29 Warning
Missing input or output delay  
An output delay is missing on m_axis_tdata[17] relative to the rising and/or falling clock edge(s) of accelerator_clk.
Related violations: <none>

TIMING-18#30 Warning
Missing input or output delay  
An output delay is missing on m_axis_tdata[18] relative to the rising and/or falling clock edge(s) of accelerator_clk.
Related violations: <none>

TIMING-18#31 Warning
Missing input or output delay  
An output delay is missing on m_axis_tdata[19] relative to the rising and/or falling clock edge(s) of accelerator_clk.
Related violations: <none>

TIMING-18#32 Warning
Missing input or output delay  
An output delay is missing on m_axis_tdata[1] relative to the rising and/or falling clock edge(s) of accelerator_clk.
Related violations: <none>

TIMING-18#33 Warning
Missing input or output delay  
An output delay is missing on m_axis_tdata[20] relative to the rising and/or falling clock edge(s) of accelerator_clk.
Related violations: <none>

TIMING-18#34 Warning
Missing input or output delay  
An output delay is missing on m_axis_tdata[21] relative to the rising and/or falling clock edge(s) of accelerator_clk.
Related violations: <none>

TIMING-18#35 Warning
Missing input or output delay  
An output delay is missing on m_axis_tdata[22] relative to the rising and/or falling clock edge(s) of accelerator_clk.
Related violations: <none>

TIMING-18#36 Warning
Missing input or output delay  
An output delay is missing on m_axis_tdata[23] relative to the rising and/or falling clock edge(s) of accelerator_clk.
Related violations: <none>

TIMING-18#37 Warning
Missing input or output delay  
An output delay is missing on m_axis_tdata[24] relative to the rising and/or falling clock edge(s) of accelerator_clk.
Related violations: <none>

TIMING-18#38 Warning
Missing input or output delay  
An output delay is missing on m_axis_tdata[25] relative to the rising and/or falling clock edge(s) of accelerator_clk.
Related violations: <none>

TIMING-18#39 Warning
Missing input or output delay  
An output delay is missing on m_axis_tdata[26] relative to the rising and/or falling clock edge(s) of accelerator_clk.
Related violations: <none>

TIMING-18#40 Warning
Missing input or output delay  
An output delay is missing on m_axis_tdata[27] relative to the rising and/or falling clock edge(s) of accelerator_clk.
Related violations: <none>

TIMING-18#41 Warning
Missing input or output delay  
An output delay is missing on m_axis_tdata[28] relative to the rising and/or falling clock edge(s) of accelerator_clk.
Related violations: <none>

TIMING-18#42 Warning
Missing input or output delay  
An output delay is missing on m_axis_tdata[29] relative to the rising and/or falling clock edge(s) of accelerator_clk.
Related violations: <none>

TIMING-18#43 Warning
Missing input or output delay  
An output delay is missing on m_axis_tdata[2] relative to the rising and/or falling clock edge(s) of accelerator_clk.
Related violations: <none>

TIMING-18#44 Warning
Missing input or output delay  
An output delay is missing on m_axis_tdata[30] relative to the rising and/or falling clock edge(s) of accelerator_clk.
Related violations: <none>

TIMING-18#45 Warning
Missing input or output delay  
An output delay is missing on m_axis_tdata[31] relative to the rising and/or falling clock edge(s) of accelerator_clk.
Related violations: <none>

TIMING-18#46 Warning
Missing input or output delay  
An output delay is missing on m_axis_tdata[32] relative to the rising and/or falling clock edge(s) of accelerator_clk.
Related violations: <none>

TIMING-18#47 Warning
Missing input or output delay  
An output delay is missing on m_axis_tdata[33] relative to the rising and/or falling clock edge(s) of accelerator_clk.
Related violations: <none>

TIMING-18#48 Warning
Missing input or output delay  
An output delay is missing on m_axis_tdata[34] relative to the rising and/or falling clock edge(s) of accelerator_clk.
Related violations: <none>

TIMING-18#49 Warning
Missing input or output delay  
An output delay is missing on m_axis_tdata[35] relative to the rising and/or falling clock edge(s) of accelerator_clk.
Related violations: <none>

TIMING-18#50 Warning
Missing input or output delay  
An output delay is missing on m_axis_tdata[36] relative to the rising and/or falling clock edge(s) of accelerator_clk.
Related violations: <none>

TIMING-18#51 Warning
Missing input or output delay  
An output delay is missing on m_axis_tdata[37] relative to the rising and/or falling clock edge(s) of accelerator_clk.
Related violations: <none>

TIMING-18#52 Warning
Missing input or output delay  
An output delay is missing on m_axis_tdata[38] relative to the rising and/or falling clock edge(s) of accelerator_clk.
Related violations: <none>

TIMING-18#53 Warning
Missing input or output delay  
An output delay is missing on m_axis_tdata[39] relative to the rising and/or falling clock edge(s) of accelerator_clk.
Related violations: <none>

TIMING-18#54 Warning
Missing input or output delay  
An output delay is missing on m_axis_tdata[3] relative to the rising and/or falling clock edge(s) of accelerator_clk.
Related violations: <none>

TIMING-18#55 Warning
Missing input or output delay  
An output delay is missing on m_axis_tdata[40] relative to the rising and/or falling clock edge(s) of accelerator_clk.
Related violations: <none>

TIMING-18#56 Warning
Missing input or output delay  
An output delay is missing on m_axis_tdata[41] relative to the rising and/or falling clock edge(s) of accelerator_clk.
Related violations: <none>

TIMING-18#57 Warning
Missing input or output delay  
An output delay is missing on m_axis_tdata[42] relative to the rising and/or falling clock edge(s) of accelerator_clk.
Related violations: <none>

TIMING-18#58 Warning
Missing input or output delay  
An output delay is missing on m_axis_tdata[43] relative to the rising and/or falling clock edge(s) of accelerator_clk.
Related violations: <none>

TIMING-18#59 Warning
Missing input or output delay  
An output delay is missing on m_axis_tdata[44] relative to the rising and/or falling clock edge(s) of accelerator_clk.
Related violations: <none>

TIMING-18#60 Warning
Missing input or output delay  
An output delay is missing on m_axis_tdata[45] relative to the rising and/or falling clock edge(s) of accelerator_clk.
Related violations: <none>

TIMING-18#61 Warning
Missing input or output delay  
An output delay is missing on m_axis_tdata[46] relative to the rising and/or falling clock edge(s) of accelerator_clk.
Related violations: <none>

TIMING-18#62 Warning
Missing input or output delay  
An output delay is missing on m_axis_tdata[47] relative to the rising and/or falling clock edge(s) of accelerator_clk.
Related violations: <none>

TIMING-18#63 Warning
Missing input or output delay  
An output delay is missing on m_axis_tdata[48] relative to the rising and/or falling clock edge(s) of accelerator_clk.
Related violations: <none>

TIMING-18#64 Warning
Missing input or output delay  
An output delay is missing on m_axis_tdata[49] relative to the rising and/or falling clock edge(s) of accelerator_clk.
Related violations: <none>

TIMING-18#65 Warning
Missing input or output delay  
An output delay is missing on m_axis_tdata[4] relative to the rising and/or falling clock edge(s) of accelerator_clk.
Related violations: <none>

TIMING-18#66 Warning
Missing input or output delay  
An output delay is missing on m_axis_tdata[50] relative to the rising and/or falling clock edge(s) of accelerator_clk.
Related violations: <none>

TIMING-18#67 Warning
Missing input or output delay  
An output delay is missing on m_axis_tdata[51] relative to the rising and/or falling clock edge(s) of accelerator_clk.
Related violations: <none>

TIMING-18#68 Warning
Missing input or output delay  
An output delay is missing on m_axis_tdata[52] relative to the rising and/or falling clock edge(s) of accelerator_clk.
Related violations: <none>

TIMING-18#69 Warning
Missing input or output delay  
An output delay is missing on m_axis_tdata[53] relative to the rising and/or falling clock edge(s) of accelerator_clk.
Related violations: <none>

TIMING-18#70 Warning
Missing input or output delay  
An output delay is missing on m_axis_tdata[54] relative to the rising and/or falling clock edge(s) of accelerator_clk.
Related violations: <none>

TIMING-18#71 Warning
Missing input or output delay  
An output delay is missing on m_axis_tdata[55] relative to the rising and/or falling clock edge(s) of accelerator_clk.
Related violations: <none>

TIMING-18#72 Warning
Missing input or output delay  
An output delay is missing on m_axis_tdata[56] relative to the rising and/or falling clock edge(s) of accelerator_clk.
Related violations: <none>

TIMING-18#73 Warning
Missing input or output delay  
An output delay is missing on m_axis_tdata[57] relative to the rising and/or falling clock edge(s) of accelerator_clk.
Related violations: <none>

TIMING-18#74 Warning
Missing input or output delay  
An output delay is missing on m_axis_tdata[58] relative to the rising and/or falling clock edge(s) of accelerator_clk.
Related violations: <none>

TIMING-18#75 Warning
Missing input or output delay  
An output delay is missing on m_axis_tdata[59] relative to the rising and/or falling clock edge(s) of accelerator_clk.
Related violations: <none>

TIMING-18#76 Warning
Missing input or output delay  
An output delay is missing on m_axis_tdata[5] relative to the rising and/or falling clock edge(s) of accelerator_clk.
Related violations: <none>

TIMING-18#77 Warning
Missing input or output delay  
An output delay is missing on m_axis_tdata[60] relative to the rising and/or falling clock edge(s) of accelerator_clk.
Related violations: <none>

TIMING-18#78 Warning
Missing input or output delay  
An output delay is missing on m_axis_tdata[61] relative to the rising and/or falling clock edge(s) of accelerator_clk.
Related violations: <none>

TIMING-18#79 Warning
Missing input or output delay  
An output delay is missing on m_axis_tdata[62] relative to the rising and/or falling clock edge(s) of accelerator_clk.
Related violations: <none>

TIMING-18#80 Warning
Missing input or output delay  
An output delay is missing on m_axis_tdata[63] relative to the rising and/or falling clock edge(s) of accelerator_clk.
Related violations: <none>

TIMING-18#81 Warning
Missing input or output delay  
An output delay is missing on m_axis_tdata[6] relative to the rising and/or falling clock edge(s) of accelerator_clk.
Related violations: <none>

TIMING-18#82 Warning
Missing input or output delay  
An output delay is missing on m_axis_tdata[7] relative to the rising and/or falling clock edge(s) of accelerator_clk.
Related violations: <none>

TIMING-18#83 Warning
Missing input or output delay  
An output delay is missing on m_axis_tdata[8] relative to the rising and/or falling clock edge(s) of accelerator_clk.
Related violations: <none>

TIMING-18#84 Warning
Missing input or output delay  
An output delay is missing on m_axis_tdata[9] relative to the rising and/or falling clock edge(s) of accelerator_clk.
Related violations: <none>

TIMING-18#85 Warning
Missing input or output delay  
An output delay is missing on m_axis_tlast relative to the rising and/or falling clock edge(s) of accelerator_clk.
Related violations: <none>

TIMING-18#86 Warning
Missing input or output delay  
An output delay is missing on m_axis_tvalid relative to the rising and/or falling clock edge(s) of accelerator_clk.
Related violations: <none>

TIMING-18#87 Warning
Missing input or output delay  
An output delay is missing on s_axis_tready relative to the rising and/or falling clock edge(s) of accelerator_clk.
Related violations: <none>


