
****** xsim v2023.2 (64-bit)
  **** SW Build 4029153 on Fri Oct 13 20:13:54 MDT 2023
  **** IP Build 4028589 on Sat Oct 14 00:45:43 MDT 2023
  **** SharedData Build 4025554 on Tue Oct 10 17:18:54 MDT 2023
    ** Copyright 1986-2022 Xilinx, Inc. All Rights Reserved.
    ** Copyright 2022-2023 Advanced Micro Devices, Inc. All Rights Reserved.

source xsim.dir/tb_dma_axi_write_master_sim/xsim_script.tcl
# xsim {tb_dma_axi_write_master_sim} -autoloadwcfg -runall
Time resolution is 1 ps
run -all
BASIC WRITE TRANSACTIONS: PASS
MULTI-BURST WRITE: PASS
4-KiB SPLIT WRITE: PASS
SLVERR DETECTION: PASS
DECERR DETECTION: PASS
BID ERROR DETECTION: PASS
INVALID REQUEST REJECTION: PASS

=============================================
 DMA AXI WRITE MASTER: PASS
 randomized AWREADY stalls   : PASS
 randomized WREADY stalls    : PASS
 randomized source gaps      : PASS
 AW stability under stall    : PASS
 W stability under stall     : PASS
 multi-burst operation       : PASS
 4-KiB burst splitting       : PASS
 WLAST generation            : PASS
 BRESP checking              : PASS
 BID checking                : PASS
 committed-byte accounting   : PASS
=============================================
$finish called at time : 43880 ns : File "/home/frankhasrisen/fpga-rtl-portfolio/projects/zcu104/07-custom-dma-linux-driver/tb/tb_dma_axi_write_master.sv" Line 740
exit
INFO: [Common 17-206] Exiting xsim at Mon Oct  5 05:16:55 2026...
